[app.btvplay.com/index.html]
[app.btvplay.com/favicon.ico]
[backblue.gif]
[fade.gif]
[index.html]
[app.btvplay.com/assets/css/animate.css]
[app.btvplay.com/assets/bootstarp/bootstrap.min.css]
[app.btvplay.com/assets/css/super-classes.css]
[app.btvplay.com/assets/css/style.css]
[app.btvplay.com/assets/css/mobile.css]
[app.btvplay.com/assets/image/logo_btv_180x180.png]
[cdn.jsdelivr.net/npm/@fortawesome/fontawesome-free@6.2.1/css/fontawesome.min.css]
[kit.fontawesome.com/c5bf40b83f.js]
[www.btvplay.com/templates/lagom2/assets/img/logo/logo_big.23915179.png]
[app.btvplay.com/assets/image/service-icon1.png]
[app.btvplay.com/assets/image/service-icon2.png]
[app.btvplay.com/assets/image/service-icon3.png]
[app.btvplay.com/assets/image/service-icon4.png]
[app.btvplay.com/assets/image/service-icon6.png]
[app.btvplay.com/assets/image/service-icon5.png]
[app.btvplay.com/assets/image/service-icon7.png]
[app.btvplay.com/assets/image/service-icon8.png]
[app.btvplay.com/assets/image/service-icon9.png]
[app.btvplay.com/assets/image/service-icon10.png]
[app.btvplay.com/assets/image/footer-logo.png]
[app.btvplay.com/assets/js/wow.js]
[app.btvplay.com/assets/js/jquery-3.6.0.min.js]
[app.btvplay.com/assets/js/popper.min.js]
[app.btvplay.com/assets/js/bootstrap.min.js]
[app.btvplay.com/assets/image/cv-img.png]
[app.btvplay.com/test-image.png]
[app.btvplay.com/index.html]
[app.btvplay.com/assets/css/animate.css]
[app.btvplay.com/assets/bootstarp/bootstrap.min.css]
[app.btvplay.com/assets/css/super-classes.css]
[app.btvplay.com/assets/image/curn-icon.png]
[app.btvplay.com/assets/image/triangle-icon.png]
[app.btvplay.com/assets/image/half-circle.png]
[app.btvplay.com/assets/image/circle-bg-left-img.png]
[app.btvplay.com/assets/image/half-circle-left-icon.png]
[app.btvplay.com/assets/image/corn-left-icon.png]
[app.btvplay.com/assets/image/portfolio-left-img.png]
[app.btvplay.com/assets/image/portfolio-right-img.png]
[app.btvplay.com/assets/image/circle-bg-img.png]
[app.btvplay.com/assets/image/half-circle-right-icon.png]
[app.btvplay.com/assets/image/footer-left-dotted-img.png]
[app.btvplay.com/assets/image/footer-dotted-right-img.png]
[app.btvplay.com/assets/css/style.css]
[app.btvplay.com/assets/css/mobile.css]
[cdn.jsdelivr.net/npm/@fortawesome/fontawesome-free@6.2.1/css/fontawesome.min.css]
[app.btvplay.com/assets/image/cv-img.html]
[app.btvplay.com/test-image.html]
[app.btvplay.com/css2.html]
